[     365ms] [ERROR] Failed to load resource: net::ERR_CONNECTION_CLOSED @ https://corp.hwp.huawei.com/hwpinternet/scripts/ocs/collector/service/hwp-cs.js:0
[     891ms] [ERROR] Failed to load resource: net::ERR_CONNECTION_CLOSED @ https://career.huawei.com/-/media/plugin/e2bc41fa73c1840d900aed60c04570d0/jquery.min.js:1
[    1219ms] [ERROR] Failed to load resource: net::ERR_CONNECTION_CLOSED @ https://apigw-dgg-b0.huawei.com/api/apig/channelhw/recommend/pub/getRecommendLicense?recruitSubScenario=RECRUITMENT_ASSISTANT&licenseCode=&X-HW-ID=app_000000035886:0
[    1227ms] r
[    1404ms] [ERROR] Failed to load resource: net::ERR_CONNECTION_CLOSED @ https://hwa.his.huawei.com/dist/uem_f.js?_2026-08-03:0
[    1543ms] [ERROR] Failed to load resource: net::ERR_CONNECTION_CLOSED @ https://apigw-dgg-b0.huawei.com/api/apig/channelhw/recommend/pub/getRecommendLicense?recruitSubScenario=NEW_CAMPUS&licenseCode=&X-HW-ID=app_000000035886:0
[    1542ms] r
[    1609ms] [ERROR] Failed to load resource: net::ERR_CONNECTION_CLOSED @ https://apigw-dgg-b0.huawei.com/api/apig/channelhw/recruitmentPosition/pub/getJobPage?X-HW-ID=app_000000035886:0
[    1609ms] [ERROR] Failed to load resource: net::ERR_CONNECTION_CLOSED @ https://apigw-dgg-b0.huawei.com/api/apig/channelhw/recommend/pub/getRecommendLicense?recruitSubScenario=NEW_INTERNS&licenseCode=&X-HW-ID=app_000000035886:0
[    1609ms] [ERROR] Failed to load resource: net::ERR_CONNECTION_CLOSED @ https://apigw-dgg-b0.huawei.com/api/apig/channelhw/recruitmentPosition/pub/findJobAddressList?X-HW-ID=app_000000035886:0
[    1612ms] [ERROR] Failed to load resource: net::ERR_CONNECTION_CLOSED @ https://apigw-dgg-b0.huawei.com/api/apig/channelhw/recruitmentPosition/pub/getCampusRecruitmentCategory?X-HW-ID=app_000000035886:0
[  173149ms] [ERROR] Loading the font 'https://at.alicdn.com/t/c/font_2553510_kfwma2yq1rs.woff?t=1694918397022' violates the following Content Security Policy directive: "default-src 'self' 'unsafe-inline' 'unsafe-eval' data: *.huawei.com *.huawei.cn *.huawei.ru *.hisilicon.com *.vmall.com https://localhost:18080/getSpesInfo https://contentcenter-drcn.dbankcdn.com https://csc-adapter-drcn.security.dbankcloud.cn cstaticdun.126.net cstaticdun1.126.net *.dun.163yun.com *.dun.163.com *.nstool.netease.com necaptcha.nosdn.127.net acstatic-dun.126.net nos.netease.com necaptcha1.nosdn.127.net *.dbankcdn.com *.dbankcdn.cn *.dbankcloud.cn *.dbankcloud.com *.dbankcdn.ru *.dbankcloud.ru metrics-drcn.dt.hicloud.com:6447". Note that 'font-src' was not explicitly set, so 'default-src' is used as a fallback. The action has been blocked. @ https://uniportal.huawei.com/uniportal1/login-pc.html?redirect=https%3A%2F%2Fcareer.huawei.com%2Fcn%2Fcampus-recruitment-job-list%3FrecruitmentType%3DFRESH_GRADUATE&lang=zh_CN:0
[  196778ms] [ERROR] Failed to load resource: net::ERR_EMPTY_RESPONSE @ https://uniportal.huawei.com/uniportal1/staticResource/js/chunk-vendors-6f6fc5ba.8b77d11ed3721405.IDAAS_V3R8.js:0
[  199959ms] [ERROR] Loading the font 'https://at.alicdn.com/t/c/font_2553510_kfwma2yq1rs.woff?t=1694918397022' violates the following Content Security Policy directive: "default-src 'self' 'unsafe-inline' 'unsafe-eval' data: *.huawei.com *.huawei.cn *.huawei.ru *.hisilicon.com *.vmall.com https://localhost:18080/getSpesInfo https://contentcenter-drcn.dbankcdn.com https://csc-adapter-drcn.security.dbankcloud.cn cstaticdun.126.net cstaticdun1.126.net *.dun.163yun.com *.dun.163.com *.nstool.netease.com necaptcha.nosdn.127.net acstatic-dun.126.net nos.netease.com necaptcha1.nosdn.127.net *.dbankcdn.com *.dbankcdn.cn *.dbankcloud.cn *.dbankcloud.com *.dbankcdn.ru *.dbankcloud.ru metrics-drcn.dt.hicloud.com:6447". Note that 'font-src' was not explicitly set, so 'default-src' is used as a fallback. The action has been blocked. @ https://uniportal.huawei.com/uniportal1/login-pc.html?redirect=https%3A%2F%2Fcareer.huawei.com%2Fcn%2Fcampus-recruitment-job-list%3FrecruitmentType%3DFRESH_GRADUATE&lang=zh_CN:0
[  201410ms] [INFO] Slow network is detected. See https://www.chromestatus.com/feature/5636954674692096 for more details. Fallback font will be used while loading: https://uniportal.huawei.com/uniportal1/staticResource/font/element-icons.ff18efd1.IDAAS_V3R8.woff @ https://uniportal.huawei.com/uniportal1/staticResource/js/chunk-vendors-334120ec.7fb273e7380d0336.IDAAS_V3R8.js:6
[  203668ms] [ERROR] Access to XMLHttpRequest at 'https://hwa.his.huawei.com/hwa/open/trackerload?isXMLHttpRequest=true&appId=0437ea7c7e68bee6b5b5772a92110927&platform=web' from origin 'https://uniportal.huawei.com' has been blocked by CORS policy: No 'Access-Control-Allow-Origin' header is present on the requested resource. @ https://uniportal.huawei.com/uniportal1/login-pc.html?redirect=https%3A%2F%2Fcareer.huawei.com%2Fcn%2Fcampus-recruitment-job-list%3FrecruitmentType%3DFRESH_GRADUATE&lang=zh_CN#/passwordLogin:0
[  203670ms] [ERROR] Failed to load resource: net::ERR_FAILED @ https://hwa.his.huawei.com/hwa/open/trackerload?isXMLHttpRequest=true&appId=0437ea7c7e68bee6b5b5772a92110927&platform=web:0
[  222266ms] [ERROR] Failed to load resource: the server responded with a status of 400 () @ https://uniportal.huawei.com/uniportal1/rest/hwidcenter/login:0
[  235456ms] [ERROR] Failed to load resource: the server responded with a status of 400 () @ https://uniportal.huawei.com/uniportal1/rest/hwidcenter/login:0
[  252219ms] [ERROR] Failed to load resource: the server responded with a status of 400 () @ https://uniportal.huawei.com/uniportal1/rest/hwidcenter/login:0
[  264752ms] [ERROR] Failed to load resource: the server responded with a status of 400 () @ https://uniportal.huawei.com/uniportal1/rest/hwidcenter/login:0
[  272374ms] [ERROR] Failed to load resource: the server responded with a status of 400 () @ https://uniportal.huawei.com/uniportal1/rest/hwidcenter/login:0
[  301317ms] [LOG] LOAD HWP SUCCESS @ https://corp.hwp.huawei.com/hwpinternet/scripts/ocs/collector/service/hwp-cs.js:1
